MPASM  5.43                          PRO2.ASM   6-19-2025  18:25:10         PAGE  1


LOC  OBJECT CODE     LINE SOURCE TEXT
  VALUE

                      00001         LIST P=16F877A
                      00002         #include <p16f877a.inc>
                      00001         LIST
                      00002 
                      00003 ;==========================================================================
                      00004 ;  MPASM PIC16F877A processor include
                      00005 ; 
                      00006 ;  (c) Copyright 1999-2011 Microchip Technology, All rights reserved
                      00007 ;==========================================================================
                      00008 
                      00564         LIST
                      00003                 
2007   3FF2           00004         __CONFIG _CP_OFF & _WDT_OFF & _PWRTE_ON & _HS_OSC
Warning[205]: Found directive in column 1. (ORG)
                      00005 ORG 0x00
0000   2???           00006                 GOTO START
Warning[207]: Found label after column 1. (T1)
  00000030            00007                 T1 EQU 30H
Warning[207]: Found label after column 1. (U1)
  00000031            00008                 U1 EQU 31H
Warning[207]: Found label after column 1. (U2)
  00000032            00009         U2 EQU 32H
Warning[207]: Found label after column 1. (N1)
  00000033            00010                 N1 EQU 33H
Warning[207]: Found label after column 1. (QU)
  00000034            00011                 QU EQU 34H      
Warning[207]: Found label after column 1. (RE)
  00000035            00012                 RE EQU 35H
Warning[207]: Found label after column 1. (R1)
  00000036            00013                 R1 EQU 36H
Warning[207]: Found label after column 1. (R2)
  00000037            00014                 R2 EQU 37H
Warning[207]: Found label after column 1. (R3)
  00000038            00015                 R3 EQU 38H
                      00016 
Warning[207]: Found label after column 1. (TX_Ack)
  00000006            00017         TX_Ack EQU RB6
Warning[207]: Found label after column 1. (RX_Ack)
  00000007            00018                 RX_Ack EQU RB7
0001                  00019 START
                      00020                 ;Initialize ports
0001   1683           00021                 BSF STATUS, RP0       ; Bank 1
0002   3080           00022                 MOVLW 0x80             ; Setting RB7 as input rest are input
Message[302]: Register in operand not in bank 0.  Ensure that bank bits are correct.
0003   0086           00023                 MOVWF TRISB            ;
0004   30FF           00024                 MOVLW 0xFF     ;Setting PORTC as input
Message[302]: Register in operand not in bank 0.  Ensure that bank bits are correct.
0005   0087           00025         MOVWF TRISC
Message[302]: Register in operand not in bank 0.  Ensure that bank bits are correct.
0006   0188           00026         CLRF TRISD     ;Setting PORTD  
                      00027          
0007   1283           00028                 BCF STATUS, RP0        ; Bank 0
0008   0186           00029                 CLRF PORTB
MPASM  5.43                          PRO2.ASM   6-19-2025  18:25:10         PAGE  2


LOC  OBJECT CODE     LINE SOURCE TEXT
  VALUE

0009   0187           00030         CLRF PORTC
                      00031             ;BCF PORTB,TX_Ack
                      00032     ; Receiving Num1 in one shot
000A                  00033 chck_Ack
000A   1F86           00034                 BTFSS PORTB,RX_Ack    ;Waiting for signl 1 from Main
000B   2???           00035         GOTO chck_Ack
                      00036         
000C   0807           00037                 MOVF PORTC,W          ;copying the data from portc to N1
000D   00B3           00038                 MOVWF N1
000E   1706           00039                 BSF PORTB,TX_Ack         ;Sendiing 1 to acknowledge
000F                  00040 chck_Ack1
000F   1B86           00041                 BTFSC PORTB,RX_Ack   ;waiting for signal  0 
0010   2???           00042         GOTO chck_Ack1
                      00043      
0011   1306           00044         BCF PORTB,TX_Ack     ;sending signal 0
                      00045 ;Reciving U2  
0012                  00046 chck_Ack2
0012   1F86           00047                 BTFSS PORTB,RX_Ack   ;waiting for signal 1 from main
0013   2???           00048         GOTO chck_Ack2
0014   0807           00049         MOVF PORTC,W       ;copying data from port to U2
0015   00B2           00050                 MOVWF U2
                      00051 
0016   1706           00052                 BSF PORTB,TX_Ack   ;sending singal 1 to acknowledge             
0017                  00053 chck_Ack3 
0017   1B86           00054         BTFSC PORTB,RX_Ack  ; waiting for signal 0
0018   2???           00055         GOTO chck_Ack3
0019   1306           00056         BCF PORTB,TX_Ack    ;sending singal 0
                      00057      ; seperating Num1 into U1 and T1
                      00058 
001A   0833           00059                 MOVF N1,W
001B   390F           00060         ANDLW 0FH
001C   00B1           00061         MOVWF U1
                      00062          
001D   0833           00063         MOVF N1,W
001E   39F0           00064         ANDLW 0F0H
                      00065     
001F   00B0           00066         MOVWF T1
0020   0EB0           00067         SWAPF T1,1
0021   0830           00068         MOVF T1,W
                      00069         
                      00070        
                      00071  ;---- multiplication of U1 with U2 (Ten of num2)
                      00072        
0022   0832           00073       MOVF U2,W
0023   0080           00074       MOVWF 00H
0024   0103           00075       CLRW 
0025                  00076 Rep_ADD
0025   0731           00077       ADDWF U1,W
Message[305]: Using default destination of 1 (file).
0026   0B80           00078       DECFSZ 00H
0027   2???           00079       GOTO Rep_ADD 
0028   00B5           00080       MOVWF RE
0029   01B4           00081       CLRF QU
MPASM  5.43                          PRO2.ASM   6-19-2025  18:25:10         PAGE  3


LOC  OBJECT CODE     LINE SOURCE TEXT
  VALUE

002A   300A           00082       MOVLW 0x0A
002B                  00083 DIV1
002B   02B5           00084       SUBWF RE,F
Message[305]: Using default destination of 1 (file).
002C   0AB4           00085       INCF QU
                      00086 
002D   1FB5           00087       BTFSS RE,7
002E   2???           00088       GOTO DIV1
002F   07B5           00089       ADDWF RE,F
Message[305]: Using default destination of 1 (file).
0030   03B4           00090       DECF QU
                      00091 
0031   0835           00092       MOVF RE,W
0032   00B6           00093       MOVWF R1
0033   0834           00094       MOVF QU,W
0034   00B7           00095       MOVWF R2
                      00096 
0035   0836           00097           MOVF R1,W
                      00098    
                      00099 ;---- multiplication of T1 with U2 (Ten of num2)
                      00100        
0036   0832           00101       MOVF U2,W
0037   0080           00102       MOVWF 00H
0038   0103           00103       CLRW 
0039                  00104 Rep_ADD2
0039   0730           00105       ADDWF T1,W
Message[305]: Using default destination of 1 (file).
003A   0B80           00106       DECFSZ 00H
003B   2???           00107       GOTO Rep_ADD2
003C   00B5           00108       MOVWF RE
003D   01B4           00109       CLRF QU
003E   300A           00110       MOVLW 0x0A
003F                  00111 DIV2
003F   02B5           00112       SUBWF RE,F
Message[305]: Using default destination of 1 (file).
0040   0AB4           00113       INCF QU
                      00114 
0041   1FB5           00115       BTFSS RE,7
0042   2???           00116       GOTO DIV2
0043   07B5           00117       ADDWF RE,F
Message[305]: Using default destination of 1 (file).
0044   03B4           00118       DECF QU
                      00119       
0045   0834           00120       MOVF QU,W
0046   00B8           00121       MOVWF R3
                      00122 
0047   0835           00123       MOVF RE,W
0048   07B7           00124       ADDWF R2,F
0049   1803           00125       BTFSC STATUS,C
Message[305]: Using default destination of 1 (file).
004A   0AB8           00126       INCF R3
                      00127 
004B   0838           00128       MOVF R3,W
MPASM  5.43                          PRO2.ASM   6-19-2025  18:25:10         PAGE  4


LOC  OBJECT CODE     LINE SOURCE TEXT
  VALUE

                      00129         
                      00130      
                      00131 ;reconfiguring PORTC as Output
004C   1683           00132         BSF STATUS,RP0
Message[302]: Register in operand not in bank 0.  Ensure that bank bits are correct.
004D   0187           00133         CLRF TRISC 
004E   1283           00134         BCF STATUS,RP0
                      00135 
                      00136 ;Sending R1 in Main processor 
004F   0836           00137                 MOVF R1,W
0050   0087           00138                 MOVWF PORTC       ;sending R1
0051   1706           00139         BSF PORTB,TX_Ack
Warning[207]: Found label after column 1. (Chk_Ack4)
0052                  00140                 Chk_Ack4
0052   1F86           00141                 BTFSS PORTB,RX_Ack   ; checking for Coprocessors acknowledgment.
0053   2???           00142                 GOTO Chk_Ack4
                      00143                 
0054   1306           00144                 BCF PORTB,TX_Ack   ; sending signal (0) to co processors before transmission of unit of 
                            num2
                      00145 
0055   2???           00146         CALL LDELAY   ; Just to synch the coprocessor
                      00147 
                      00148 ;Sending R2 in Main processor 
0056   0837           00149                 MOVF R2,W
0057   0087           00150                 MOVWF PORTC       ;sending R2
0058   1706           00151         BSF PORTB,TX_Ack
Warning[207]: Found label after column 1. (Chk_Ack5)
0059                  00152                 Chk_Ack5
0059   1F86           00153                 BTFSS PORTB,RX_Ack   ; checking for Coprocessors acknowledgment.
005A   2???           00154                 GOTO Chk_Ack5
                      00155                 
005B   1306           00156                 BCF PORTB,TX_Ack   ; sending signal (0) to co processors before transmission of unit of 
                            num2
                      00157 
005C   2???           00158         CALL LDELAY   ; Just to synch the coprocessor
                      00159 
                      00160 ;Sending R3 in Main processor 
005D   0838           00161                 MOVF R3,W
005E   0087           00162                 MOVWF PORTC       ;sending R3
005F   1706           00163         BSF PORTB,TX_Ack
Warning[207]: Found label after column 1. (Chk_Ack6)
0060                  00164                 Chk_Ack6
0060   1F86           00165                 BTFSS PORTB,RX_Ack   ; checking for Coprocessors acknowledgment.
0061   2???           00166                 GOTO Chk_Ack6
                      00167                 
0062   1306           00168                 BCF PORTB,TX_Ack   ; sending signal (0) to co processors before transmission of unit of 
                            num2
                      00169 
0063   2???           00170         CALL LDELAY   ; Just to synch the coprocessor
                      00171 
                      00172 
                      00173    
0064   2???           00174                 GOTO START
MPASM  5.43                          PRO2.ASM   6-19-2025  18:25:10         PAGE  5


LOC  OBJECT CODE     LINE SOURCE TEXT
  VALUE

                      00175 
0065                  00176 LDELAY ;25ms
0065   1683           00177                  BSF STATUS, RP0       ; Bank 1
0066   3000           00178                  MOVLW 0x00            ; Timer1 OFF
0067   0090           00179                  MOVWF T1CON           ; Load Timer1 control register
0068   3058           00180                  MOVLW 0x58            ; Load Timer1 low byte for 25 ms delay
0069   008E           00181                  MOVWF TMR1L           ; Load Timer1 low byte
006A   309E           00182                  MOVLW 0x9E            ; Load Timer1 high byte for 25 ms delay
006B   008F           00183                  MOVWF TMR1H           ; Load Timer1 high byte
006C   1283           00184                  BCF STATUS, RP0       ; Bank 0
                      00185                 
                      00186            ; Reset Timer1
006D   100C           00187                  BCF PIR1, TMR1IF     ;clear timer1 flag
006E   1410           00188                  BSF T1CON,TMR1ON      ;start timer
Warning[207]: Found label after column 1. (STAY)
006F                  00189         STAY    
006F   1C0C           00190                  BTFSS PIR1,TMR1IF     ;if timer is expired?
0070   2???           00191                  GOTO STAY
0071   0008           00192                  RETURN
                      00193 
Warning[205]: Found directive in column 1. (end)
3FF2                  00194 end
MPASM  5.43                          PRO2.ASM   6-19-2025  18:25:10         PAGE  6


SYMBOL TABLE
  LABEL                             VALUE 

ACKDT                             00000005
ACKEN                             00000004
ACKSTAT                           00000006
ADCON0                            0000001F
ADCON1                            0000009F
ADCS0                             00000006
ADCS1                             00000007
ADCS2                             00000006
ADDEN                             00000003
ADFM                              00000007
ADIE                              00000006
ADIF                              00000006
ADON                              00000000
ADRESH                            0000001E
ADRESL                            0000009E
BCLIE                             00000003
BCLIF                             00000003
BF                                00000000
BRGH                              00000002
C                                 00000000
C1INV                             00000004
C1OUT                             00000006
C2INV                             00000005
C2OUT                             00000007
CCP1CON                           00000017
CCP1IE                            00000002
CCP1IF                            00000002
CCP1M0                            00000000
CCP1M1                            00000001
CCP1M2                            00000002
CCP1M3                            00000003
CCP1X                             00000005
CCP1Y                             00000004
CCP2CON                           0000001D
CCP2IE                            00000000
CCP2IF                            00000000
CCP2M0                            00000000
CCP2M1                            00000001
CCP2M2                            00000002
CCP2M3                            00000003
CCP2X                             00000005
CCP2Y                             00000004
CCPR1                             00000015
CCPR1H                            00000016
CCPR1L                            00000015
CCPR2                             0000001B
CCPR2H                            0000001C
CCPR2L                            0000001B
CHS0                              00000003
CHS1                              00000004
CHS2                              00000005
CIS                               00000003
CKE                               00000006
MPASM  5.43                          PRO2.ASM   6-19-2025  18:25:10         PAGE  7


SYMBOL TABLE
  LABEL                             VALUE 

CKP                               00000004
CM0                               00000000
CM1                               00000001
CM2                               00000002
CMCON                             0000009C
CMIE                              00000006
CMIF                              00000006
CREN                              00000004
CSRC                              00000007
CVR0                              00000000
CVR1                              00000001
CVR2                              00000002
CVR3                              00000003
CVRCON                            0000009D
CVREN                             00000007
CVROE                             00000006
CVRR                              00000005
Chk_Ack4                          00000052
Chk_Ack5                          00000059
Chk_Ack6                          00000060
D                                 00000005
DATA_ADDRESS                      00000005
DC                                00000001
DIV1                              0000002B
DIV2                              0000003F
D_A                               00000005
D_NOT_A                           00000005
EEADR                             0000010D
EEADRH                            0000010F
EECON1                            0000018C
EECON2                            0000018D
EEDATA                            0000010C
EEDATH                            0000010E
EEIE                              00000004
EEIF                              00000004
EEPGD                             00000007
F                                 00000001
FERR                              00000002
FSR                               00000004
GCEN                              00000007
GIE                               00000007
GO                                00000002
GO_DONE                           00000002
GO_NOT_DONE                       00000002
I2C_DATA                          00000005
I2C_READ                          00000002
I2C_START                         00000003
I2C_STOP                          00000004
IBF                               00000007
IBOV                              00000005
INDF                              00000000
INTCON                            0000000B
INTE                              00000004
MPASM  5.43                          PRO2.ASM   6-19-2025  18:25:10         PAGE  8


SYMBOL TABLE
  LABEL                             VALUE 

INTEDG                            00000006
INTF                              00000001
IRP                               00000007
LDELAY                            00000065
N1                                00000033
NOT_A                             00000005
NOT_ADDRESS                       00000005
NOT_BO                            00000000
NOT_BOR                           00000000
NOT_DONE                          00000002
NOT_PD                            00000003
NOT_POR                           00000001
NOT_RBPU                          00000007
NOT_RC8                           00000006
NOT_T1SYNC                        00000002
NOT_TO                            00000004
NOT_TX8                           00000006
NOT_W                             00000002
NOT_WRITE                         00000002
OBF                               00000006
OERR                              00000001
OPTION_REG                        00000081
P                                 00000004
PCFG0                             00000000
PCFG1                             00000001
PCFG2                             00000002
PCFG3                             00000003
PCL                               00000002
PCLATH                            0000000A
PCON                              0000008E
PEIE                              00000006
PEN                               00000002
PIE1                              0000008C
PIE2                              0000008D
PIR1                              0000000C
PIR2                              0000000D
PORTA                             00000005
PORTB                             00000006
PORTC                             00000007
PORTD                             00000008
PORTE                             00000009
PR2                               00000092
PS0                               00000000
PS1                               00000001
PS2                               00000002
PSA                               00000003
PSPIE                             00000007
PSPIF                             00000007
PSPMODE                           00000004
QU                                00000034
R                                 00000002
R1                                00000036
R2                                00000037
MPASM  5.43                          PRO2.ASM   6-19-2025  18:25:10         PAGE  9


SYMBOL TABLE
  LABEL                             VALUE 

R3                                00000038
RA0                               00000000
RA1                               00000001
RA2                               00000002
RA3                               00000003
RA4                               00000004
RA5                               00000005
RB0                               00000000
RB1                               00000001
RB2                               00000002
RB3                               00000003
RB4                               00000004
RB5                               00000005
RB6                               00000006
RB7                               00000007
RBIE                              00000003
RBIF                              00000000
RC0                               00000000
RC1                               00000001
RC2                               00000002
RC3                               00000003
RC4                               00000004
RC5                               00000005
RC6                               00000006
RC7                               00000007
RC8_9                             00000006
RC9                               00000006
RCD8                              00000000
RCEN                              00000003
RCIE                              00000005
RCIF                              00000005
RCREG                             0000001A
RCSTA                             00000018
RD                                00000000
RD0                               00000000
RD1                               00000001
RD2                               00000002
RD3                               00000003
RD4                               00000004
RD5                               00000005
RD6                               00000006
RD7                               00000007
RE                                00000035
RE0                               00000000
RE1                               00000001
RE2                               00000002
READ_WRITE                        00000002
RP0                               00000005
RP1                               00000006
RSEN                              00000001
RX9                               00000006
RX9D                              00000000
RX_Ack                            00000007
MPASM  5.43                          PRO2.ASM   6-19-2025  18:25:10         PAGE 10


SYMBOL TABLE
  LABEL                             VALUE 

R_NOT_W                           00000002
R_W                               00000002
Rep_ADD                           00000025
Rep_ADD2                          00000039
S                                 00000003
SEN                               00000000
SMP                               00000007
SPBRG                             00000099
SPEN                              00000007
SREN                              00000005
SSPADD                            00000093
SSPBUF                            00000013
SSPCON                            00000014
SSPCON2                           00000091
SSPEN                             00000005
SSPIE                             00000003
SSPIF                             00000003
SSPM0                             00000000
SSPM1                             00000001
SSPM2                             00000002
SSPM3                             00000003
SSPOV                             00000006
SSPSTAT                           00000094
START                             00000001
STATUS                            00000003
STAY                              0000006F
SYNC                              00000004
T0CS                              00000005
T0IE                              00000005
T0IF                              00000002
T0SE                              00000004
T1                                00000030
T1CKPS0                           00000004
T1CKPS1                           00000005
T1CON                             00000010
T1INSYNC                          00000002
T1OSCEN                           00000003
T1SYNC                            00000002
T2CKPS0                           00000000
T2CKPS1                           00000001
T2CON                             00000012
TMR0                              00000001
TMR0IE                            00000005
TMR0IF                            00000002
TMR1CS                            00000001
TMR1H                             0000000F
TMR1IE                            00000000
TMR1IF                            00000000
TMR1L                             0000000E
TMR1ON                            00000000
TMR2                              00000011
TMR2IE                            00000001
TMR2IF                            00000001
MPASM  5.43                          PRO2.ASM   6-19-2025  18:25:10         PAGE 11


SYMBOL TABLE
  LABEL                             VALUE 

TMR2ON                            00000002
TOUTPS0                           00000003
TOUTPS1                           00000004
TOUTPS2                           00000005
TOUTPS3                           00000006
TRISA                             00000085
TRISA0                            00000000
TRISA1                            00000001
TRISA2                            00000002
TRISA3                            00000003
TRISA4                            00000004
TRISA5                            00000005
TRISB                             00000086
TRISB0                            00000000
TRISB1                            00000001
TRISB2                            00000002
TRISB3                            00000003
TRISB4                            00000004
TRISB5                            00000005
TRISB6                            00000006
TRISB7                            00000007
TRISC                             00000087
TRISC0                            00000000
TRISC1                            00000001
TRISC2                            00000002
TRISC3                            00000003
TRISC4                            00000004
TRISC5                            00000005
TRISC6                            00000006
TRISC7                            00000007
TRISD                             00000088
TRISD0                            00000000
TRISD1                            00000001
TRISD2                            00000002
TRISD3                            00000003
TRISD4                            00000004
TRISD5                            00000005
TRISD6                            00000006
TRISD7                            00000007
TRISE                             00000089
TRISE0                            00000000
TRISE1                            00000001
TRISE2                            00000002
TRMT                              00000001
TX8_9                             00000006
TX9                               00000006
TX9D                              00000000
TXD8                              00000000
TXEN                              00000005
TXIE                              00000004
TXIF                              00000004
TXREG                             00000019
TXSTA                             00000098
MPASM  5.43                          PRO2.ASM   6-19-2025  18:25:10         PAGE 12


SYMBOL TABLE
  LABEL                             VALUE 

TX_Ack                            00000006
U1                                00000031
U2                                00000032
UA                                00000001
W                                 00000000
WCOL                              00000007
WR                                00000001
WREN                              00000002
WRERR                             00000003
Z                                 00000002
_BODEN_OFF                        00003FBF
_BODEN_ON                         00003FFF
_BOREN_OFF                        00003FBF
_BOREN_ON                         00003FFF
_CONFIG                           00002007
_CPD_OFF                          00003FFF
_CPD_ON                           00003EFF
_CP_ALL                           00001FFF
_CP_OFF                           00003FFF
_CP_ON                            00001FFF
_DEBUG_OFF                        00003FFF
_DEBUG_ON                         000037FF
_DEVID1                           00002006
_FOSC_EXTRC                       00003FFF
_FOSC_HS                          00003FFE
_FOSC_LP                          00003FFC
_FOSC_XT                          00003FFD
_HS_OSC                           00003FFE
_IDLOC0                           00002000
_IDLOC1                           00002001
_IDLOC2                           00002002
_IDLOC3                           00002003
_LP_OSC                           00003FFC
_LVP_OFF                          00003F7F
_LVP_ON                           00003FFF
_PWRTE_OFF                        00003FFF
_PWRTE_ON                         00003FF7
_RC_OSC                           00003FFF
_WDTE_OFF                         00003FFB
_WDTE_ON                          00003FFF
_WDT_OFF                          00003FFB
_WDT_ON                           00003FFF
_WRT_1FOURTH                      00003BFF
_WRT_256                          00003DFF
_WRT_HALF                         000039FF
_WRT_OFF                          00003FFF
_XT_OSC                           00003FFD
__16F877A                         00000001
__DEBUG                           1
chck_Ack                          0000000A
chck_Ack1                         0000000F
chck_Ack2                         00000012
chck_Ack3                         00000017
MPASM  5.43                          PRO2.ASM   6-19-2025  18:25:10         PAGE 13






Errors   :     0
Warnings :    17 reported,     0 suppressed
Messages :    11 reported,     0 suppressed

