MPLINK 4.41, Linker
Linker Map File - Created Thu Jun 19 18:25:11 2025

                                 Section Info
                  Section       Type    Address   Location Size(Bytes)
                ---------  ---------  ---------  ---------  ---------
                   .org_0       code   0x000000    program   0x0000e4
                   .cinit    romdata   0x000072    program   0x000004
      .config_2007_PRO2.O       code   0x002007    program   0x000002



                              Program Memory Usage 
                               Start         End      
                           ---------   ---------      
                            0x000000    0x000073      
                            0x002007    0x002007      
            117 out of 8454 program addresses used, program memory utilization is 1%



                              Symbols - Sorted by Name
                     Name    Address   Location    Storage File                     
                ---------  ---------  ---------  --------- ---------                
                 Chk_Ack4   0x000052    program     static C:\Users\Diana\Desktop\ProjectThree\pro2.asm
                 Chk_Ack5   0x000059    program     static C:\Users\Diana\Desktop\ProjectThree\pro2.asm
                 Chk_Ack6   0x000060    program     static C:\Users\Diana\Desktop\ProjectThree\pro2.asm
                     DIV1   0x00002b    program     static C:\Users\Diana\Desktop\ProjectThree\pro2.asm
                     DIV2   0x00003f    program     static C:\Users\Diana\Desktop\ProjectThree\pro2.asm
                   LDELAY   0x000065    program     static C:\Users\Diana\Desktop\ProjectThree\pro2.asm
                  Rep_ADD   0x000025    program     static C:\Users\Diana\Desktop\ProjectThree\pro2.asm
                 Rep_ADD2   0x000039    program     static C:\Users\Diana\Desktop\ProjectThree\pro2.asm
                    START   0x000001    program     static C:\Users\Diana\Desktop\ProjectThree\pro2.asm
                     STAY   0x00006f    program     static C:\Users\Diana\Desktop\ProjectThree\pro2.asm
                 chck_Ack   0x00000a    program     static C:\Users\Diana\Desktop\ProjectThree\pro2.asm
                chck_Ack1   0x00000f    program     static C:\Users\Diana\Desktop\ProjectThree\pro2.asm
                chck_Ack2   0x000012    program     static C:\Users\Diana\Desktop\ProjectThree\pro2.asm
                chck_Ack3   0x000017    program     static C:\Users\Diana\Desktop\ProjectThree\pro2.asm



                              Symbols - Sorted by Address
                     Name    Address   Location    Storage File                     
                ---------  ---------  ---------  --------- ---------                
                    START   0x000001    program     static C:\Users\Diana\Desktop\ProjectThree\pro2.asm
                 chck_Ack   0x00000a    program     static C:\Users\Diana\Desktop\ProjectThree\pro2.asm
                chck_Ack1   0x00000f    program     static C:\Users\Diana\Desktop\ProjectThree\pro2.asm
                chck_Ack2   0x000012    program     static C:\Users\Diana\Desktop\ProjectThree\pro2.asm
                chck_Ack3   0x000017    program     static C:\Users\Diana\Desktop\ProjectThree\pro2.asm
                  Rep_ADD   0x000025    program     static C:\Users\Diana\Desktop\ProjectThree\pro2.asm
                     DIV1   0x00002b    program     static C:\Users\Diana\Desktop\ProjectThree\pro2.asm
                 Rep_ADD2   0x000039    program     static C:\Users\Diana\Desktop\ProjectThree\pro2.asm
                     DIV2   0x00003f    program     static C:\Users\Diana\Desktop\ProjectThree\pro2.asm
                 Chk_Ack4   0x000052    program     static C:\Users\Diana\Desktop\ProjectThree\pro2.asm
                 Chk_Ack5   0x000059    program     static C:\Users\Diana\Desktop\ProjectThree\pro2.asm
                 Chk_Ack6   0x000060    program     static C:\Users\Diana\Desktop\ProjectThree\pro2.asm
                   LDELAY   0x000065    program     static C:\Users\Diana\Desktop\ProjectThree\pro2.asm
                     STAY   0x00006f    program     static C:\Users\Diana\Desktop\ProjectThree\pro2.asm


